exports[`<Menu /> componemts should render as expected 1`] = `
<div>
  <ul>
    <li
      className="Menu__item">
      <Link
        onlyActiveOnIndex={false}
        style={Object {}}
        to="recent-tracks">
        Recent Tracks
      </Link>
    </li>
    <li
      className="Menu__item">
      <Link
        onlyActiveOnIndex={false}
        style={Object {}}
        to="top-artists">
        Top Artists
      </Link>
    </li>
    <li
      className="Menu__item">
      <Link
        id="toggleUser"
        onClick={[Function]}
        onlyActiveOnIndex={false}
        style={Object {}}>
        User Info
      </Link>
    </li>
  </ul>
</div>
`;
