exports[`<TopArtist> component should render as expected 1`] = `
<styled.div>
  <a>
    <img
      src="" />
    <styled.div>
      <div>
        <div>
          <strong />
        </div>
        <div>
          <i>
             plays
          </i>
        </div>
      </div>
    </styled.div>
  </a>
</styled.div>
`;
