exports[`<TopArtist> component should render as expected 1`] = `
<styled.ul>
  <li>
    <a>
      <img
        src="" />
      <styled.ul>
        <li>
          <strong />
        </li>
        <li>
          <i>
             plays
          </i>
        </li>
      </styled.ul>
    </a>
  </li>
</styled.ul>
`;
