exports[`<User /> componemts should render as expected 1`] = `
<div
  className="User">
  <a
    className="User__link"
    href=""
    target="_blank">
    <div>
      <img
        alt=""
        src="" />
    </div>
    <ul
      className="User__info">
      <li />
      <li />
      <li>
        01/01/1970
      </li>
    </ul>
  </a>
</div>
`;
